[demo.wedew.id/index500e.html]
[backblue.gif]
[fade.gif]
[index.html]
[wedew.id/apple-touch-icon.png]
[demo.wedew.id/index.html]
[wedew.id/favicon-32x32.png]
[wedew.id/favicon-16x16.png]
[wedew.id/site.webmanifest]
[wedew.id/safari-pinned-tab.svg]
[wedew.id/combine/f8907b50e36592d4c44e78f59490a85b-1709119694.css]
[wedew.id/combine/1e0a1e330f52996b34e9cda342217bc8-1709119697.css]
[wedew.id/combine/b274fe9493df9fdc58140bd9ed498468-1709119693.css]
[wedew.id/combine/b4a29c047ca1f32182764ccc93d4cbee-1709119696.css]
[storage.wedew.id/uploads/public/659/8f7/575/6598f7575e5b0578201720.png]
[storage.wedew.id/uploads/public/659/8f7/575/6598f7575cc72267272146.png]
[storage.wedew.id/uploads/public/638/36d/477/thumb_1975581_480_480_0_0_crop.jpg]
[storage.wedew.id/uploads/public/638/36e/49a/thumb_1975596_800_600_0_0_auto.jpg]
[storage.wedew.id/uploads/public/659/8f0/c43/thumb_2332914_0_400_0_0_auto.png]
[wedew.id/combine/b53921ac13070d6450471f81669e5e2d-1709119694.js]
[img.youtube.com/vi/eRaLce0oIr8/hqdefault.jpg]
[wedew.id/plugins/wedew/website/websiteblocks/covid/assets/covid-wash-hand.svg]
[wedew.id/plugins/wedew/website/websiteblocks/covid/assets/covid-wear-mask.svg]
[wedew.id/combine/2e96bb7b1729f55719416f237fa5bf26-1709119696.js]
[wedew.id/plugins/wedew/website/websiteblocks/covid/assets/covid-dont-handshake.svg]
[wedew.id/plugins/wedew/website/websiteblocks/covid/assets/covid-keep-distance.svg]
[wedew.id/plugins/wedew/website/websiteblocks/covid/assets/covid-avoid-crowds.svg]
[wedew.id/plugins/wedew/website/websiteblocks/covid/assets/covid-body-temperature-check.svg]
[wedew.id/themes/wedew-platform/assets/icons/payment-mandiri.png]
[wedew.id/themes/wedew-platform/assets/icons/payment-bca.png]
[wedew.id/themes/wedew-platform/assets/icons/payment-bri.png]
[wedew.id/themes/wedew-platform/assets/icons/payment-bni.png]
[wedew.id/themes/wedew-platform/assets/icons/payment-permata.png]
[wedew.id/themes/wedew-platform/assets/icons/payment-atmb.png]
[wedew.id/themes/wedew-platform/assets/icons/payment-prima.png]
[wedew.id/themes/wedew-platform/assets/icons/payment-alto.png]
[wedew.id/themes/wedew-platform/assets/icons/payment-gopay.png]
[wedew.id/themes/wedew-platform/assets/icons/payment-ovo.png]
[wedew.id/themes/wedew-platform/assets/icons/payment-shopeepay.png]
[wedew.id/themes/wedew-platform/assets/icons/payment-dana.png]
[wedew.id/themes/wedew-platform/assets/icons/payment-linkaja.png]
[wedew.id/themes/wedew-platform/assets/icons/payment-alfa.png]
[storage.wedew.id/uploads/public/600/c39/fb3/thumb_1233857_100_100_0_0_auto.png]
[wedew.id/combine/f87be97d2302104cf3258aec5cfd9747-1709119696.js]
[demo.wedew.id/index500e.html]
[wedew.id/combine/36194f7aa9b38698a1a5557830e01a54-1709119695.js]
[wedew.id/combine/1ebd91ca990e67afc53ec1e9d6f54167-1709119697.js]
[wedew.id/combine/b490870ce987fff8b83835939804c1f5-1709119694.css]
[demo.wedew.id/index.html]
[wedew.id/themes/minimal/assets/images/save-the-date.gif]
[fonts.googleapis.com/cssac3e.css]
[fonts.googleapis.com/css6af7.css]
[wedew.id/site.webmanifest]
[storage.wedew.id/uploads/public/659/8f7/575/6598f7575cc72267272146.png]
[wedew.id/safari-pinned-tab.svg]
[storage.wedew.id/uploads/public/638/36e/49a/thumb_1975596_800_600_0_0_auto.jpg]
[www.googletagmanager.com/gtm5445.html]
[storage.wedew.id/uploads/public/659/8f7/575/6598f7575e5b0578201720.png]
[wedew.id/combine/f8907b50e36592d4c44e78f59490a85b-1709119694.css]
[storage.wedew.id/uploads/public/659/8f0/c43/thumb_2332914_0_400_0_0_auto.png]
[storage.wedew.id/uploads/public/638/36d/477/thumb_1975581_480_480_0_0_crop.jpg]
[wedew.id/node_modules/lightgallery/fonts/lgb687.woff2]
[wedew.id/combine/b53921ac13070d6450471f81669e5e2d-1709119694.js]
[wedew.id/node_modules/lightgallery/fonts/lgb687.ttf]
[wedew.id/combine/2e96bb7b1729f55719416f237fa5bf26-1709119696.js]
[wedew.id/themes/wedew-platform/assets/icons/payment-mandiri.png]
[wedew.id/node_modules/lightgallery/fonts/lgb687.woff]
[wedew.id/themes/wedew-platform/assets/icons/payment-bca.png]
[wedew.id/themes/wedew-platform/assets/icons/payment-permata.png]
[wedew.id/themes/wedew-platform/assets/icons/payment-bni.png]
[wedew.id/themes/wedew-platform/assets/icons/payment-alto.png]
[wedew.id/themes/wedew-platform/assets/icons/payment-atmb.png]
[wedew.id/node_modules/lightgallery/fonts/lgb687.svg]
[wedew.id/themes/wedew-platform/assets/icons/payment-prima.png]
[wedew.id/node_modules/lightgallery/images/loading.gif]
[wedew.id/combine/1e0a1e330f52996b34e9cda342217bc8-1709119697.css]
[wedew.id/themes/wedew-platform/assets/icons/payment-shopeepay.png]
[wedew.id/themes/wedew-platform/assets/icons/payment-gopay.png]
[wedew.id/themes/wedew-platform/assets/icons/payment-ovo.png]
[storage.wedew.id/uploads/public/600/c39/fb3/thumb_1233857_100_100_0_0_auto.png]
[wedew.id/combine/1ebd91ca990e67afc53ec1e9d6f54167-1709119697.js]
[wedew.id/node_modules/leaflet/dist/images/layers.png]
[wedew.id/themes/wedew-platform/assets/icons/payment-dana.png]
[wedew.id/combine/36194f7aa9b38698a1a5557830e01a54-1709119695.js]
[wedew.id/node_modules/leaflet/dist/images/layers-2x.png]
[wedew.id/node_modules/lightgallery/fonts/lgb687.woff2]
[wedew.id/themes/minimal/assets/images/save-the-date.gif]
[wedew.id/combine/f87be97d2302104cf3258aec5cfd9747-1709119696.js]
[wedew.id/node_modules/leaflet/dist/images/layers.png]
[wedew.id/combine/b274fe9493df9fdc58140bd9ed498468-1709119693.css]
[wedew.id/combine/b4a29c047ca1f32182764ccc93d4cbee-1709119696.css]
[wedew.id/plugins/wedew/website/websiteblocks/covid/assets/covid-wash-hand.svg]
[wedew.id/plugins/wedew/website/websiteblocks/covid/assets/covid-wear-mask.svg]
[wedew.id/plugins/wedew/website/websiteblocks/covid/assets/covid-dont-handshake.svg]
[wedew.id/plugins/wedew/website/websiteblocks/covid/assets/covid-keep-distance.svg]
[wedew.id/plugins/wedew/website/websiteblocks/covid/assets/covid-avoid-crowds.svg]
[wedew.id/plugins/wedew/website/websiteblocks/covid/assets/covid-body-temperature-check.svg]
[wedew.id/node_modules/leaflet/dist/images/marker-icon.png]
[wedew.id/node_modules/lightgallery/images/loading.gif]
[wedew.id/node_modules/lightgallery/fonts/lgb687.ttf]
[fonts.googleapis.com/css6af7.css]
[wedew.id/combine/b490870ce987fff8b83835939804c1f5-1709119694.css]
[wedew.id/node_modules/lightgallery/fonts/lgb687.svg]
